Archive member included to satisfy reference by file (symbol)

/Applications/STMicroelectronics/STM32CubeIDE.app/Contents/Eclipse/plugins/com.st.stm32cube.ide.mcu.externaltools.gnu-tools-for-stm32.11.3.rel1.macos64_1.1.0.202305231506/tools/bin/../lib/gcc/arm-none-eabi/11.3.1/../../../../arm-none-eabi/lib/thumb/v7e-m+dp/hard/libc_nano.a(libc_a-exit.o)
                              /Applications/STMicroelectronics/STM32CubeIDE.app/Contents/Eclipse/plugins/com.st.stm32cube.ide.mcu.externaltools.gnu-tools-for-stm32.11.3.rel1.macos64_1.1.0.202305231506/tools/bin/../lib/gcc/arm-none-eabi/11.3.1/../../../../arm-none-eabi/lib/thumb/v7e-m+dp/hard/crt0.o (exit)
/Applications/STMicroelectronics/STM32CubeIDE.app/Contents/Eclipse/plugins/com.st.stm32cube.ide.mcu.externaltools.gnu-tools-for-stm32.11.3.rel1.macos64_1.1.0.202305231506/tools/bin/../lib/gcc/arm-none-eabi/11.3.1/../../../../arm-none-eabi/lib/thumb/v7e-m+dp/hard/libc_nano.a(libc_a-findfp.o)
                              /Applications/STMicroelectronics/STM32CubeIDE.app/Contents/Eclipse/plugins/com.st.stm32cube.ide.mcu.externaltools.gnu-tools-for-stm32.11.3.rel1.macos64_1.1.0.202305231506/tools/bin/../lib/gcc/arm-none-eabi/11.3.1/../../../../arm-none-eabi/lib/thumb/v7e-m+dp/hard/libc_nano.a(libc_a-exit.o) (__stdio_exit_handler)
/Applications/STMicroelectronics/STM32CubeIDE.app/Contents/Eclipse/plugins/com.st.stm32cube.ide.mcu.externaltools.gnu-tools-for-stm32.11.3.rel1.macos64_1.1.0.202305231506/tools/bin/../lib/gcc/arm-none-eabi/11.3.1/../../../../arm-none-eabi/lib/thumb/v7e-m+dp/hard/libc_nano.a(libc_a-fwalk.o)
                              /Applications/STMicroelectronics/STM32CubeIDE.app/Contents/Eclipse/plugins/com.st.stm32cube.ide.mcu.externaltools.gnu-tools-for-stm32.11.3.rel1.macos64_1.1.0.202305231506/tools/bin/../lib/gcc/arm-none-eabi/11.3.1/../../../../arm-none-eabi/lib/thumb/v7e-m+dp/hard/libc_nano.a(libc_a-findfp.o) (_fwalk_sglue)
/Applications/STMicroelectronics/STM32CubeIDE.app/Contents/Eclipse/plugins/com.st.stm32cube.ide.mcu.externaltools.gnu-tools-for-stm32.11.3.rel1.macos64_1.1.0.202305231506/tools/bin/../lib/gcc/arm-none-eabi/11.3.1/../../../../arm-none-eabi/lib/thumb/v7e-m+dp/hard/libc_nano.a(libc_a-memset.o)
                              /Applications/STMicroelectronics/STM32CubeIDE.app/Contents/Eclipse/plugins/com.st.stm32cube.ide.mcu.externaltools.gnu-tools-for-stm32.11.3.rel1.macos64_1.1.0.202305231506/tools/bin/../lib/gcc/arm-none-eabi/11.3.1/../../../../arm-none-eabi/lib/thumb/v7e-m+dp/hard/crt0.o (memset)
/Applications/STMicroelectronics/STM32CubeIDE.app/Contents/Eclipse/plugins/com.st.stm32cube.ide.mcu.externaltools.gnu-tools-for-stm32.11.3.rel1.macos64_1.1.0.202305231506/tools/bin/../lib/gcc/arm-none-eabi/11.3.1/../../../../arm-none-eabi/lib/thumb/v7e-m+dp/hard/libc_nano.a(libc_a-impure.o)
                              /Applications/STMicroelectronics/STM32CubeIDE.app/Contents/Eclipse/plugins/com.st.stm32cube.ide.mcu.externaltools.gnu-tools-for-stm32.11.3.rel1.macos64_1.1.0.202305231506/tools/bin/../lib/gcc/arm-none-eabi/11.3.1/../../../../arm-none-eabi/lib/thumb/v7e-m+dp/hard/libc_nano.a(libc_a-findfp.o) (_impure_data)
/Applications/STMicroelectronics/STM32CubeIDE.app/Contents/Eclipse/plugins/com.st.stm32cube.ide.mcu.externaltools.gnu-tools-for-stm32.11.3.rel1.macos64_1.1.0.202305231506/tools/bin/../lib/gcc/arm-none-eabi/11.3.1/../../../../arm-none-eabi/lib/thumb/v7e-m+dp/hard/libc_nano.a(libc_a-errno.o)
                              ./Core/Src/syscalls.o (__errno)
/Applications/STMicroelectronics/STM32CubeIDE.app/Contents/Eclipse/plugins/com.st.stm32cube.ide.mcu.externaltools.gnu-tools-for-stm32.11.3.rel1.macos64_1.1.0.202305231506/tools/bin/../lib/gcc/arm-none-eabi/11.3.1/../../../../arm-none-eabi/lib/thumb/v7e-m+dp/hard/libc_nano.a(libc_a-init.o)
                              /Applications/STMicroelectronics/STM32CubeIDE.app/Contents/Eclipse/plugins/com.st.stm32cube.ide.mcu.externaltools.gnu-tools-for-stm32.11.3.rel1.macos64_1.1.0.202305231506/tools/bin/../lib/gcc/arm-none-eabi/11.3.1/../../../../arm-none-eabi/lib/thumb/v7e-m+dp/hard/crt0.o (__libc_init_array)
/Applications/STMicroelectronics/STM32CubeIDE.app/Contents/Eclipse/plugins/com.st.stm32cube.ide.mcu.externaltools.gnu-tools-for-stm32.11.3.rel1.macos64_1.1.0.202305231506/tools/bin/../lib/gcc/arm-none-eabi/11.3.1/../../../../arm-none-eabi/lib/thumb/v7e-m+dp/hard/libc_nano.a(libc_a-lock.o)
                              /Applications/STMicroelectronics/STM32CubeIDE.app/Contents/Eclipse/plugins/com.st.stm32cube.ide.mcu.externaltools.gnu-tools-for-stm32.11.3.rel1.macos64_1.1.0.202305231506/tools/bin/../lib/gcc/arm-none-eabi/11.3.1/../../../../arm-none-eabi/lib/thumb/v7e-m+dp/hard/libc_nano.a(libc_a-findfp.o) (__retarget_lock_init_recursive)
[...]
Memory Configuration

Name             Origin             Length             Attributes
RAM_D1           0x0000000024000000 0x0000000000080000 xrw
FLASH            0x0000000008000000 0x0000000000100000 xr
DTCMRAM          0x0000000020000000 0x0000000000020000 xrw
RAM_D2           0x0000000030000000 0x0000000000048000 xrw
RAM_D3           0x0000000038000000 0x0000000000010000 xrw
ITCMRAM          0x0000000000000000 0x0000000000010000 xrw
*default*        0x0000000000000000 0xffffffffffffffff

Linker script and memory map

LOAD /Applications/STMicroelectronics/STM32CubeIDE.app/Contents/Eclipse/plugins/com.st.stm32cube.ide.mcu.externaltools.gnu-tools-for-stm32.11.3.rel1.macos64_1.1.0.202305231506/tools/bin/../lib/gcc/arm-none-eabi/11.3.1/thumb/v7e-m+dp/hard/crti.o
LOAD /Applications/STMicroelectronics/STM32CubeIDE.app/Contents/Eclipse/plugins/com.st.stm32cube.ide.mcu.externaltools.gnu-tools-for-stm32.11.3.rel1.macos64_1.1.0.202305231506/tools/bin/../lib/gcc/arm-none-eabi/11.3.1/thumb/v7e-m+dp/hard/crtbegin.o
LOAD /Applications/STMicroelectronics/STM32CubeIDE.app/Contents/Eclipse/plugins/com.st.stm32cube.ide.mcu.externaltools.gnu-tools-for-stm32.11.3.rel1.macos64_1.1.0.202305231506/tools/bin/../lib/gcc/arm-none-eabi/11.3.1/../../../../arm-none-eabi/lib/thumb/v7e-m+dp/hard/crt0.o
LOAD ./Common/Src/system_stm32h7xx_dualcore_boot_cm4_cm7.o
LOAD ./Core/Src/main.o
LOAD ./Core/Src/stm32h7xx_hal_msp.o
LOAD ./Core/Src/stm32h7xx_it.o
LOAD ./Core/Src/syscalls.o
LOAD ./Core/Src/sysmem.o
LOAD ./Core/Startup/startup_stm32h755zitx.o
LOAD ./Drivers/STM32H7xx_HAL_Driver/stm32h7xx_hal.o
LOAD ./Drivers/STM32H7xx_HAL_Driver/stm32h7xx_hal_cortex.o
LOAD ./Drivers/STM32H7xx_HAL_Driver/stm32h7xx_hal_dma.o
LOAD ./Drivers/STM32H7xx_HAL_Driver/stm32h7xx_hal_dma_ex.o
LOAD ./Drivers/STM32H7xx_HAL_Driver/stm32h7xx_hal_exti.o
LOAD ./Drivers/STM32H7xx_HAL_Driver/stm32h7xx_hal_flash.o
LOAD ./Drivers/STM32H7xx_HAL_Driver/stm32h7xx_hal_flash_ex.o
LOAD ./Drivers/STM32H7xx_HAL_Driver/stm32h7xx_hal_gpio.o
LOAD ./Drivers/STM32H7xx_HAL_Driver/stm32h7xx_hal_hsem.o
LOAD ./Drivers/STM32H7xx_HAL_Driver/stm32h7xx_hal_i2c.o
LOAD ./Drivers/STM32H7xx_HAL_Driver/stm32h7xx_hal_i2c_ex.o
LOAD ./Drivers/STM32H7xx_HAL_Driver/stm32h7xx_hal_mdma.o
LOAD ./Drivers/STM32H7xx_HAL_Driver/stm32h7xx_hal_pwr.o
LOAD ./Drivers/STM32H7xx_HAL_Driver/stm32h7xx_hal_pwr_ex.o
LOAD ./Drivers/STM32H7xx_HAL_Driver/stm32h7xx_hal_rcc.o
LOAD ./Drivers/STM32H7xx_HAL_Driver/stm32h7xx_hal_rcc_ex.o
LOAD ./Drivers/STM32H7xx_HAL_Driver/stm32h7xx_hal_tim.o
LOAD ./Drivers/STM32H7xx_HAL_Driver/stm32h7xx_hal_tim_ex.o
START GROUP
LOAD /Applications/STMicroelectronics/STM32CubeIDE.app/Contents/Eclipse/plugins/com.st.stm32cube.ide.mcu.externaltools.gnu-tools-for-stm32.11.3.rel1.macos64_1.1.0.202305231506/tools/bin/../lib/gcc/arm-none-eabi/11.3.1/../../../../arm-none-eabi/lib/thumb/v7e-m+dp/hard/libc_nano.a
LOAD /Applications/STMicroelectronics/STM32CubeIDE.app/Contents/Eclipse/plugins/com.st.stm32cube.ide.mcu.externaltools.gnu-tools-for-stm32.11.3.rel1.macos64_1.1.0.202305231506/tools/bin/../lib/gcc/arm-none-eabi/11.3.1/../../../../arm-none-eabi/lib/thumb/v7e-m+dp/hard/libm.a
END GROUP
START GROUP
LOAD /Applications/STMicroelectronics/STM32CubeIDE.app/Contents/Eclipse/plugins/com.st.stm32cube.ide.mcu.externaltools.gnu-tools-for-stm32.11.3.rel1.macos64_1.1.0.202305231506/tools/bin/../lib/gcc/arm-none-eabi/11.3.1/thumb/v7e-m+dp/hard/libgcc.a
LOAD /Applications/STMicroelectronics/STM32CubeIDE.app/Contents/Eclipse/plugins/com.st.stm32cube.ide.mcu.externaltools.gnu-tools-for-stm32.11.3.rel1.macos64_1.1.0.202305231506/tools/bin/../lib/gcc/arm-none-eabi/11.3.1/../../../../arm-none-eabi/lib/thumb/v7e-m+dp/hard/libc_nano.a
END GROUP
START GROUP
LOAD /Applications/STMicroelectronics/STM32CubeIDE.app/Contents/Eclipse/plugins/com.st.stm32cube.ide.mcu.externaltools.gnu-tools-for-stm32.11.3.rel1.macos64_1.1.0.202305231506/tools/bin/../lib/gcc/arm-none-eabi/11.3.1/thumb/v7e-m+dp/hard/libgcc.a
LOAD /Applications/STMicroelectronics/STM32CubeIDE.app/Contents/Eclipse/plugins/com.st.stm32cube.ide.mcu.externaltools.gnu-tools-for-stm32.11.3.rel1.macos64_1.1.0.202305231506/tools/bin/../lib/gcc/arm-none-eabi/11.3.1/../../../../arm-none-eabi/lib/thumb/v7e-m+dp/hard/libc_nano.a
LOAD /Applications/STMicroelectronics/STM32CubeIDE.app/Contents/Eclipse/plugins/com.st.stm32cube.ide.mcu.externaltools.gnu-tools-for-stm32.11.3.rel1.macos64_1.1.0.202305231506/tools/bin/../lib/gcc/arm-none-eabi/11.3.1/../../../../arm-none-eabi/lib/thumb/v7e-m+dp/hard/libnosys.a
END GROUP
START GROUP
LOAD /Applications/STMicroelectronics/STM32CubeIDE.app/Contents/Eclipse/plugins/com.st.stm32cube.ide.mcu.externaltools.gnu-tools-for-stm32.11.3.rel1.macos64_1.1.0.202305231506/tools/bin/../lib/gcc/arm-none-eabi/11.3.1/thumb/v7e-m+dp/hard/libgcc.a
LOAD /Applications/STMicroelectronics/STM32CubeIDE.app/Contents/Eclipse/plugins/com.st.stm32cube.ide.mcu.externaltools.gnu-tools-for-stm32.11.3.rel1.macos64_1.1.0.202305231506/tools/bin/../lib/gcc/arm-none-eabi/11.3.1/../../../../arm-none-eabi/lib/thumb/v7e-m+dp/hard/libc_nano.a
LOAD /Applications/STMicroelectronics/STM32CubeIDE.app/Contents/Eclipse/plugins/com.st.stm32cube.ide.mcu.externaltools.gnu-tools-for-stm32.11.3.rel1.macos64_1.1.0.202305231506/tools/bin/../lib/gcc/arm-none-eabi/11.3.1/../../../../arm-none-eabi/lib/thumb/v7e-m+dp/hard/libnosys.a
END GROUP
LOAD /Applications/STMicroelectronics/STM32CubeIDE.app/Contents/Eclipse/plugins/com.st.stm32cube.ide.mcu.externaltools.gnu-tools-for-stm32.11.3.rel1.macos64_1.1.0.202305231506/tools/bin/../lib/gcc/arm-none-eabi/11.3.1/thumb/v7e-m+dp/hard/crtend.o
LOAD /Applications/STMicroelectronics/STM32CubeIDE.app/Contents/Eclipse/plugins/com.st.stm32cube.ide.mcu.externaltools.gnu-tools-for-stm32.11.3.rel1.macos64_1.1.0.202305231506/tools/bin/../lib/gcc/arm-none-eabi/11.3.1/thumb/v7e-m+dp/hard/crtn.o
                0x0000000024080000                _estack = (ORIGIN (RAM_D1) + LENGTH (RAM_D1))
                0x0000000000000200                _Min_Heap_Size = 0x200
                0x0000000000000400                _Min_Stack_Size = 0x400

.isr_vector     0x0000000008000000      0x298
                0x0000000008000000                . = ALIGN (0x4)
 *(.isr_vector)
 .isr_vector    0x0000000008000000      0x298 ./Core/Startup/startup_stm32h755zitx.o
                0x0000000008000000                g_pfnVectors
                0x0000000008000298                . = ALIGN (0x4)

.text           0x0000000008000298     0x1778
                0x0000000008000298                . = ALIGN (0x4)
 *(.text)
 .text          0x0000000008000298       0x40 /Applications/STMicroelectronics/STM32CubeIDE.app/Contents/Eclipse/plugins/com.st.stm32cube.ide.mcu.externaltools.gnu-tools-for-stm32.11.3.rel1.macos64_1.1.0.202305231506/tools/bin/../lib/gcc/arm-none-eabi/11.3.1/thumb/v7e-m+dp/hard/crtbegin.o
 *(.text*)
 .text.SystemInit
                0x00000000080002d8      0x12c ./Common/Src/system_stm32h7xx_dualcore_boot_cm4_cm7.o
                0x00000000080002d8                SystemInit
 .text.main     0x0000000008000404       0x90 ./Core/Src/main.o
                0x0000000008000404                main
 .text.SystemClock_Config
                0x0000000008000494       0xfc ./Core/Src/main.o
                0x0000000008000494                SystemClock_Config
 .text.Error_Handler
                0x0000000008000590        0xa ./Core/Src/main.o
                0x0000000008000590                Error_Handler
 *fill*         0x000000000800059a        0x2 
 .text.HAL_MspInit
                0x000000000800059c       0x34 ./Core/Src/stm32h7xx_hal_msp.o
                0x000000000800059c                HAL_MspInit
 .text.NMI_Handler
                0x00000000080005d0        0x6 ./Core/Src/stm32h7xx_it.o
                0x00000000080005d0                NMI_Handler
 .text.HardFault_Handler
                0x00000000080005d6        0x6 ./Core/Src/stm32h7xx_it.o
                0x00000000080005d6                HardFault_Handler
 .text.MemManage_Handler
                0x00000000080005dc        0x6 ./Core/Src/stm32h7xx_it.o
                0x00000000080005dc                MemManage_Handler
 .text.BusFault_Handler
                0x00000000080005e2        0x6 ./Core/Src/stm32h7xx_it.o
                0x00000000080005e2                BusFault_Handler
 .text.UsageFault_Handler
                0x00000000080005e8        0x6 ./Core/Src/stm32h7xx_it.o
                0x00000000080005e8                UsageFault_Handler
 .text.SVC_Handler
                0x00000000080005ee        0xe ./Core/Src/stm32h7xx_it.o
                0x00000000080005ee                SVC_Handler
 .text.DebugMon_Handler
                0x00000000080005fc        0xe ./Core/Src/stm32h7xx_it.o
                0x00000000080005fc                DebugMon_Handler
 .text.PendSV_Handler
                0x000000000800060a        0xe ./Core/Src/stm32h7xx_it.o
                0x000000000800060a                PendSV_Handler
 .text.SysTick_Handler
                0x0000000008000618        0xc ./Core/Src/stm32h7xx_it.o
                0x0000000008000618                SysTick_Handler
 .text.Reset_Handler
                0x0000000008000624       0x50 ./Core/Startup/startup_stm32h755zitx.o
                0x0000000008000624                Reset_Handler
 .text.Default_Handler
                0x0000000008000674        0x2 ./Core/Startup/startup_stm32h755zitx.o
                0x0000000008000674                DMA1_Stream3_IRQHandler
                0x0000000008000674                HASH_RNG_IRQHandler
                0x0000000008000674                EXTI2_IRQHandler
                0x0000000008000674                TIM8_CC_IRQHandler
                0x0000000008000674                HRTIM1_Master_IRQHandler
                0x0000000008000674                UART8_IRQHandler
                0x0000000008000674                SPI4_IRQHandler
                0x0000000008000674                TIM1_CC_IRQHandler
                0x0000000008000674                BDMA_Channel6_IRQHandler
                0x0000000008000674                DMA2_Stream5_IRQHandler
                0x0000000008000674                HRTIM1_FLT_IRQHandler
                0x0000000008000674                JPEG_IRQHandler
                0x0000000008000674                DMA1_Stream5_IRQHandler
                0x0000000008000674                BDMA_Channel1_IRQHandler
                0x0000000008000674                HRTIM1_TIMD_IRQHandler
                0x0000000008000674                TAMP_STAMP_IRQHandler
                0x0000000008000674                EXTI3_IRQHandler
                0x0000000008000674                LPTIM4_IRQHandler
                0x0000000008000674                TIM8_TRG_COM_TIM14_IRQHandler
                0x0000000008000674                LPTIM2_IRQHandler
                0x0000000008000674                DFSDM1_FLT1_IRQHandler
                0x0000000008000674                DMAMUX2_OVR_IRQHandler
                0x0000000008000674                TIM8_UP_TIM13_IRQHandler
                0x0000000008000674                I2C3_ER_IRQHandler
                0x0000000008000674                DFSDM1_FLT2_IRQHandler
                0x0000000008000674                MDMA_IRQHandler
                0x0000000008000674                LPTIM3_IRQHandler
                0x0000000008000674                HSEM1_IRQHandler
                0x0000000008000674                EXTI0_IRQHandler
                0x0000000008000674                I2C2_EV_IRQHandler
                0x0000000008000674                DMA1_Stream2_IRQHandler
                0x0000000008000674                FPU_IRQHandler
                0x0000000008000674                OTG_HS_WKUP_IRQHandler
                0x0000000008000674                FDCAN1_IT1_IRQHandler
                0x0000000008000674                LTDC_ER_IRQHandler
                0x0000000008000674                DMA2_Stream2_IRQHandler
                0x0000000008000674                HRTIM1_TIME_IRQHandler
                0x0000000008000674                SPI1_IRQHandler
                0x0000000008000674                TIM6_DAC_IRQHandler
                0x0000000008000674                DCMI_IRQHandler
                0x0000000008000674                HRTIM1_TIMC_IRQHandler
                0x0000000008000674                DMA2_Stream3_IRQHandler
                0x0000000008000674                SAI2_IRQHandler
                0x0000000008000674                DFSDM1_FLT3_IRQHandler
                0x0000000008000674                USART6_IRQHandler
                0x0000000008000674                TIM17_IRQHandler
                0x0000000008000674                USART3_IRQHandler
                0x0000000008000674                BDMA_Channel7_IRQHandler
                0x0000000008000674                CRYP_IRQHandler
                0x0000000008000674                LPTIM5_IRQHandler
                0x0000000008000674                UART5_IRQHandler
                0x0000000008000674                ADC3_IRQHandler
                0x0000000008000674                DMA2_Stream0_IRQHandler
                0x0000000008000674                TIM4_IRQHandler
                0x0000000008000674                BDMA_Channel2_IRQHandler
                0x0000000008000674                QUADSPI_IRQHandler
                0x0000000008000674                I2C1_EV_IRQHandler
                0x0000000008000674                DMA1_Stream6_IRQHandler
                0x0000000008000674                DMAMUX1_OVR_IRQHandler
                0x0000000008000674                DMA1_Stream1_IRQHandler
                0x0000000008000674                TIM16_IRQHandler
                0x0000000008000674                UART4_IRQHandler
                0x0000000008000674                BDMA_Channel5_IRQHandler
                0x0000000008000674                TIM3_IRQHandler
                0x0000000008000674                RCC_IRQHandler
                0x0000000008000674                TIM8_BRK_TIM12_IRQHandler
                0x0000000008000674                TIM1_TRG_COM_IRQHandler
                0x0000000008000674                Default_Handler
                0x0000000008000674                ECC_IRQHandler
                0x0000000008000674                CEC_IRQHandler
                0x0000000008000674                EXTI15_10_IRQHandler
                0x0000000008000674                BDMA_Channel0_IRQHandler
                0x0000000008000674                ADC_IRQHandler
                0x0000000008000674                DMA1_Stream7_IRQHandler
                0x0000000008000674                HRTIM1_TIMA_IRQHandler
                0x0000000008000674                SPI5_IRQHandler
                0x0000000008000674                TIM7_IRQHandler
                0x0000000008000674                SDMMC1_IRQHandler
                0x0000000008000674                TIM5_IRQHandler
                0x0000000008000674                DMA2_Stream7_IRQHandler
                0x0000000008000674                TIM15_IRQHandler
                0x0000000008000674                PVD_AVD_IRQHandler
                0x0000000008000674                I2C3_EV_IRQHandler
                0x0000000008000674                EXTI9_5_IRQHandler
                0x0000000008000674                RTC_WKUP_IRQHandler
                0x0000000008000674                LTDC_IRQHandler
                0x0000000008000674                SAI3_IRQHandler
                0x0000000008000674                ETH_WKUP_IRQHandler
                0x0000000008000674                SPDIF_RX_IRQHandler
                0x0000000008000674                SPI2_IRQHandler
                0x0000000008000674                OTG_HS_EP1_IN_IRQHandler
                0x0000000008000674                DMA1_Stream0_IRQHandler
                0x0000000008000674                CRS_IRQHandler
                0x0000000008000674                CM7_SEV_IRQHandler
                0x0000000008000674                EXTI4_IRQHandler
                0x0000000008000674                CM4_SEV_IRQHandler
                0x0000000008000674                HRTIM1_TIMB_IRQHandler
                0x0000000008000674                FDCAN2_IT1_IRQHandler
                0x0000000008000674                ETH_IRQHandler
                0x0000000008000674                TIM1_UP_IRQHandler
                0x0000000008000674                WWDG_RST_IRQHandler
                0x0000000008000674                BDMA_Channel4_IRQHandler
                0x0000000008000674                OTG_HS_EP1_OUT_IRQHandler
                0x0000000008000674                WWDG_IRQHandler
                0x0000000008000674                SPI6_IRQHandler
                0x0000000008000674                MDIOS_IRQHandler
                0x0000000008000674                I2C4_EV_IRQHandler
                0x0000000008000674                FDCAN2_IT0_IRQHandler
                0x0000000008000674                LPUART1_IRQHandler
                0x0000000008000674                FDCAN1_IT0_IRQHandler
                0x0000000008000674                TIM2_IRQHandler
                0x0000000008000674                OTG_FS_WKUP_IRQHandler
                0x0000000008000674                OTG_HS_IRQHandler
                0x0000000008000674                HSEM2_IRQHandler
                0x0000000008000674                DMA2D_IRQHandler
                0x0000000008000674                TIM1_BRK_IRQHandler
                0x0000000008000674                EXTI1_IRQHandler
                0x0000000008000674                SDMMC2_IRQHandler
                0x0000000008000674                OTG_FS_EP1_OUT_IRQHandler
                0x0000000008000674                BDMA_Channel3_IRQHandler
                0x0000000008000674                HOLD_CORE_IRQHandler
                0x0000000008000674                UART7_IRQHandler
                0x0000000008000674                MDIOS_WKUP_IRQHandler
                0x0000000008000674                USART2_IRQHandler
                0x0000000008000674                DFSDM1_FLT0_IRQHandler
                0x0000000008000674                SAI4_IRQHandler
                0x0000000008000674                I2C2_ER_IRQHandler
                0x0000000008000674                DMA2_Stream1_IRQHandler
                0x0000000008000674                FLASH_IRQHandler
                0x0000000008000674                DMA2_Stream4_IRQHandler
                0x0000000008000674                USART1_IRQHandler
                0x0000000008000674                OTG_FS_IRQHandler
                0x0000000008000674                SPI3_IRQHandler
                0x0000000008000674                WAKEUP_PIN_IRQHandler
                0x0000000008000674                DMA1_Stream4_IRQHandler
                0x0000000008000674                OTG_FS_EP1_IN_IRQHandler
                0x0000000008000674                I2C1_ER_IRQHandler
                0x0000000008000674                FMC_IRQHandler
                0x0000000008000674                FDCAN_CAL_IRQHandler
                0x0000000008000674                SWPMI1_IRQHandler
                0x0000000008000674                COMP1_IRQHandler
                0x0000000008000674                LPTIM1_IRQHandler
                0x0000000008000674                I2C4_ER_IRQHandler
                0x0000000008000674                DMA2_Stream6_IRQHandler
                0x0000000008000674                SAI1_IRQHandler
                0x0000000008000674                RTC_Alarm_IRQHandler
 *fill*         0x0000000008000676        0x2 
 .text.HAL_Init
                0x0000000008000678       0x78 ./Drivers/STM32H7xx_HAL_Driver/stm32h7xx_hal.o
                0x0000000008000678                HAL_Init
 .text.HAL_InitTick
                0x00000000080006f0       0x6c ./Drivers/STM32H7xx_HAL_Driver/stm32h7xx_hal.o
                0x00000000080006f0                HAL_InitTick
 .text.HAL_IncTick
                0x000000000800075c       0x28 ./Drivers/STM32H7xx_HAL_Driver/stm32h7xx_hal.o
                0x000000000800075c                HAL_IncTick
 .text.HAL_GetTick
                0x0000000008000784       0x18 ./Drivers/STM32H7xx_HAL_Driver/stm32h7xx_hal.o
                0x0000000008000784                HAL_GetTick
 .text.HAL_GetREVID
                0x000000000800079c       0x18 ./Drivers/STM32H7xx_HAL_Driver/stm32h7xx_hal.o
                0x000000000800079c                HAL_GetREVID
 .text.__NVIC_SetPriorityGrouping
                0x00000000080007b4       0x48 ./Drivers/STM32H7xx_HAL_Driver/stm32h7xx_hal_cortex.o
 .text.__NVIC_GetPriorityGrouping
                0x00000000080007fc       0x1c ./Drivers/STM32H7xx_HAL_Driver/stm32h7xx_hal_cortex.o
 .text.__NVIC_SetPriority
                0x0000000008000818       0x54 ./Drivers/STM32H7xx_HAL_Driver/stm32h7xx_hal_cortex.o
 .text.NVIC_EncodePriority
                0x000000000800086c       0x66 ./Drivers/STM32H7xx_HAL_Driver/stm32h7xx_hal_cortex.o
 *fill*         0x00000000080008d2        0x2 
 .text.SysTick_Config
                0x00000000080008d4       0x44 ./Drivers/STM32H7xx_HAL_Driver/stm32h7xx_hal_cortex.o
 .text.HAL_NVIC_SetPriorityGrouping
                0x0000000008000918       0x16 ./Drivers/STM32H7xx_HAL_Driver/stm32h7xx_hal_cortex.o
                0x0000000008000918                HAL_NVIC_SetPriorityGrouping
 .text.HAL_NVIC_SetPriority
                0x000000000800092e       0x34 ./Drivers/STM32H7xx_HAL_Driver/stm32h7xx_hal_cortex.o
                0x000000000800092e                HAL_NVIC_SetPriority
 .text.HAL_SYSTICK_Config
                0x0000000008000962       0x18 ./Drivers/STM32H7xx_HAL_Driver/stm32h7xx_hal_cortex.o
                0x0000000008000962                HAL_SYSTICK_Config
 *fill*         0x000000000800097a        0x2 
 .text.HAL_HSEM_FastTake
                0x000000000800097c       0x34 ./Drivers/STM32H7xx_HAL_Driver/stm32h7xx_hal_hsem.o
                0x000000000800097c                HAL_HSEM_FastTake
 .text.HAL_HSEM_Release
                0x00000000080009b0       0x28 ./Drivers/STM32H7xx_HAL_Driver/stm32h7xx_hal_hsem.o
                0x00000000080009b0                HAL_HSEM_Release
 .text.HAL_PWREx_ConfigSupply
                0x00000000080009d8       0xb4 ./Drivers/STM32H7xx_HAL_Driver/stm32h7xx_hal_pwr_ex.o
                0x00000000080009d8                HAL_PWREx_ConfigSupply
 .text.HAL_RCC_OscConfig
                0x0000000008000a8c      0x8b4 ./Drivers/STM32H7xx_HAL_Driver/stm32h7xx_hal_rcc.o
                0x0000000008000a8c                HAL_RCC_OscConfig
 .text.HAL_RCC_ClockConfig
                0x0000000008001340      0x36c ./Drivers/STM32H7xx_HAL_Driver/stm32h7xx_hal_rcc.o
                0x0000000008001340                HAL_RCC_ClockConfig
 .text.HAL_RCC_GetSysClockFreq
                0x00000000080016ac      0x2f4 ./Drivers/STM32H7xx_HAL_Driver/stm32h7xx_hal_rcc.o
                0x00000000080016ac                HAL_RCC_GetSysClockFreq
 .text.memset   0x00000000080019a0       0x10 /Applications/STMicroelectronics/STM32CubeIDE.app/Contents/Eclipse/plugins/com.st.stm32cube.ide.mcu.externaltools.gnu-tools-for-stm32.11.3.rel1.macos64_1.1.0.202305231506/tools/bin/../lib/gcc/arm-none-eabi/11.3.1/../../../../arm-none-eabi/lib/thumb/v7e-m+dp/hard/libc_nano.a(libc_a-memset.o)
                0x00000000080019a0                memset
 .text.__libc_init_array
                0x00000000080019b0       0x48 /Applications/STMicroelectronics/STM32CubeIDE.app/Contents/Eclipse/plugins/com.st.stm32cube.ide.mcu.externaltools.gnu-tools-for-stm32.11.3.rel1.macos64_1.1.0.202305231506/tools/bin/../lib/gcc/arm-none-eabi/11.3.1/../../../../arm-none-eabi/lib/thumb/v7e-m+dp/hard/libc_nano.a(libc_a-init.o)
                0x00000000080019b0                __libc_init_array
 *(.glue_7)
 .glue_7        0x00000000080019f8        0x0 linker stubs
 *(.glue_7t)
 .glue_7t       0x00000000080019f8        0x0 linker stubs
 *(.eh_frame)
 .eh_frame      0x00000000080019f8        0x0 /Applications/STMicroelectronics/STM32CubeIDE.app/Contents/Eclipse/plugins/com.st.stm32cube.ide.mcu.externaltools.gnu-tools-for-stm32.11.3.rel1.macos64_1.1.0.202305231506/tools/bin/../lib/gcc/arm-none-eabi/11.3.1/thumb/v7e-m+dp/hard/crtbegin.o
 *(.init)
 .init          0x00000000080019f8        0x4 /Applications/STMicroelectronics/STM32CubeIDE.app/Contents/Eclipse/plugins/com.st.stm32cube.ide.mcu.externaltools.gnu-tools-for-stm32.11.3.rel1.macos64_1.1.0.202305231506/tools/bin/../lib/gcc/arm-none-eabi/11.3.1/thumb/v7e-m+dp/hard/crti.o
                0x00000000080019f8                _init
 .init          0x00000000080019fc        0x8 /Applications/STMicroelectronics/STM32CubeIDE.app/Contents/Eclipse/plugins/com.st.stm32cube.ide.mcu.externaltools.gnu-tools-for-stm32.11.3.rel1.macos64_1.1.0.202305231506/tools/bin/../lib/gcc/arm-none-eabi/11.3.1/thumb/v7e-m+dp/hard/crtn.o
 *(.fini)
 .fini          0x0000000008001a04        0x4 /Applications/STMicroelectronics/STM32CubeIDE.app/Contents/Eclipse/plugins/com.st.stm32cube.ide.mcu.externaltools.gnu-tools-for-stm32.11.3.rel1.macos64_1.1.0.202305231506/tools/bin/../lib/gcc/arm-none-eabi/11.3.1/thumb/v7e-m+dp/hard/crti.o
                0x0000000008001a04                _fini
 .fini          0x0000000008001a08        0x8 /Applications/STMicroelectronics/STM32CubeIDE.app/Contents/Eclipse/plugins/com.st.stm32cube.ide.mcu.externaltools.gnu-tools-for-stm32.11.3.rel1.macos64_1.1.0.202305231506/tools/bin/../lib/gcc/arm-none-eabi/11.3.1/thumb/v7e-m+dp/hard/crtn.o
                0x0000000008001a10                . = ALIGN (0x4)
                0x0000000008001a10                _etext = .

.vfp11_veneer   0x0000000008001a10        0x0
 .vfp11_veneer  0x0000000008001a10        0x0 linker stubs

.v4_bx          0x0000000008001a10        0x0
 .v4_bx         0x0000000008001a10        0x0 linker stubs

.iplt           0x0000000008001a10        0x0
 .iplt          0x0000000008001a10        0x0 /Applications/STMicroelectronics/STM32CubeIDE.app/Contents/Eclipse/plugins/com.st.stm32cube.ide.mcu.externaltools.gnu-tools-for-stm32.11.3.rel1.macos64_1.1.0.202305231506/tools/bin/../lib/gcc/arm-none-eabi/11.3.1/thumb/v7e-m+dp/hard/crtbegin.o

.rodata         0x0000000008001a10       0x10
                0x0000000008001a10                . = ALIGN (0x4)
 *(.rodata)
 *(.rodata*)
 .rodata.D1CorePrescTable
                0x0000000008001a10       0x10 ./Common/Src/system_stm32h7xx_dualcore_boot_cm4_cm7.o
                0x0000000008001a10                D1CorePrescTable
                0x0000000008001a20                . = ALIGN (0x4)

.ARM.extab      0x0000000008001a20        0x0
                0x0000000008001a20                . = ALIGN (0x4)
 *(.ARM.extab* .gnu.linkonce.armextab.*)
                0x0000000008001a20                . = ALIGN (0x4)

.ARM            0x0000000008001a20        0x0
                0x0000000008001a20                . = ALIGN (0x4)
                0x0000000008001a20                __exidx_start = .
 *(.ARM.exidx*)
                0x0000000008001a20                __exidx_end = .
                0x0000000008001a20                . = ALIGN (0x4)

.preinit_array  0x0000000008001a20        0x0
                0x0000000008001a20                . = ALIGN (0x4)
                0x0000000008001a20                PROVIDE (__preinit_array_start = .)
 *(.preinit_array*)
                0x0000000008001a20                PROVIDE (__preinit_array_end = .)
                0x0000000008001a20                . = ALIGN (0x4)

.init_array     0x0000000008001a20        0x4
                0x0000000008001a20                . = ALIGN (0x4)
                0x0000000008001a20                PROVIDE (__init_array_start = .)
 *(SORT_BY_NAME(.init_array.*))
 *(.init_array*)
 .init_array    0x0000000008001a20        0x4 /Applications/STMicroelectronics/STM32CubeIDE.app/Contents/Eclipse/plugins/com.st.stm32cube.ide.mcu.externaltools.gnu-tools-for-stm32.11.3.rel1.macos64_1.1.0.202305231506/tools/bin/../lib/gcc/arm-none-eabi/11.3.1/thumb/v7e-m+dp/hard/crtbegin.o
                0x0000000008001a24                PROVIDE (__init_array_end = .)
                0x0000000008001a24                . = ALIGN (0x4)

.fini_array     0x0000000008001a24        0x4
                0x0000000008001a24                . = ALIGN (0x4)
                [!provide]                        PROVIDE (__fini_array_start = .)
 *(SORT_BY_NAME(.fini_array.*))
 *(.fini_array*)
 .fini_array    0x0000000008001a24        0x4 /Applications/STMicroelectronics/STM32CubeIDE.app/Contents/Eclipse/plugins/com.st.stm32cube.ide.mcu.externaltools.gnu-tools-for-stm32.11.3.rel1.macos64_1.1.0.202305231506/tools/bin/../lib/gcc/arm-none-eabi/11.3.1/thumb/v7e-m+dp/hard/crtbegin.o
                [!provide]                        PROVIDE (__fini_array_end = .)
                0x0000000008001a28                . = ALIGN (0x4)
                0x0000000008001a28                _sidata = LOADADDR (.data)

.rel.dyn        0x0000000008001a28        0x0
 .rel.iplt      0x0000000008001a28        0x0 /Applications/STMicroelectronics/STM32CubeIDE.app/Contents/Eclipse/plugins/com.st.stm32cube.ide.mcu.externaltools.gnu-tools-for-stm32.11.3.rel1.macos64_1.1.0.202305231506/tools/bin/../lib/gcc/arm-none-eabi/11.3.1/thumb/v7e-m+dp/hard/crtbegin.o

.data           0x0000000024000000       0x10 load address 0x0000000008001a28
                0x0000000024000000                . = ALIGN (0x4)
                0x0000000024000000                _sdata = .
 *(.data)
 *(.data*)
 .data.SystemCoreClock
                0x0000000024000000        0x4 ./Common/Src/system_stm32h7xx_dualcore_boot_cm4_cm7.o
                0x0000000024000000                SystemCoreClock
 .data.SystemD2Clock
                0x0000000024000004        0x4 ./Common/Src/system_stm32h7xx_dualcore_boot_cm4_cm7.o
                0x0000000024000004                SystemD2Clock
 .data.uwTickPrio
                0x0000000024000008        0x4 ./Drivers/STM32H7xx_HAL_Driver/stm32h7xx_hal.o
                0x0000000024000008                uwTickPrio
 .data.uwTickFreq
                0x000000002400000c        0x1 ./Drivers/STM32H7xx_HAL_Driver/stm32h7xx_hal.o
                0x000000002400000c                uwTickFreq
 *(.RamFunc)
 *(.RamFunc*)
                0x0000000024000010                . = ALIGN (0x4)
 *fill*         0x000000002400000d        0x3 
                0x0000000024000010                _edata = .

.igot.plt       0x0000000024000010        0x0 load address 0x0000000008001a38
 .igot.plt      0x0000000024000010        0x0 /Applications/STMicroelectronics/STM32CubeIDE.app/Contents/Eclipse/plugins/com.st.stm32cube.ide.mcu.externaltools.gnu-tools-for-stm32.11.3.rel1.macos64_1.1.0.202305231506/tools/bin/../lib/gcc/arm-none-eabi/11.3.1/thumb/v7e-m+dp/hard/crtbegin.o
                0x0000000024000010                . = ALIGN (0x4)

.bss            0x0000000024000010       0x20 load address 0x0000000008001a38
                0x0000000024000010                _sbss = .
                0x0000000024000010                __bss_start__ = _sbss
 *(.bss)
 .bss           0x0000000024000010       0x1c /Applications/STMicroelectronics/STM32CubeIDE.app/Contents/Eclipse/plugins/com.st.stm32cube.ide.mcu.externaltools.gnu-tools-for-stm32.11.3.rel1.macos64_1.1.0.202305231506/tools/bin/../lib/gcc/arm-none-eabi/11.3.1/thumb/v7e-m+dp/hard/crtbegin.o
 *(.bss*)
 .bss.uwTick    0x000000002400002c        0x4 ./Drivers/STM32H7xx_HAL_Driver/stm32h7xx_hal.o
                0x000000002400002c                uwTick
 *(COMMON)
                0x0000000024000030                . = ALIGN (0x4)
                0x0000000024000030                _ebss = .
                0x0000000024000030                __bss_end__ = _ebss

._user_heap_stack
                0x0000000024000030      0x600 load address 0x0000000008001a38
                0x0000000024000030                . = ALIGN (0x8)
                [!provide]                        PROVIDE (end = .)
                0x0000000024000030                PROVIDE (_end = .)
                0x0000000024000230                . = (. + _Min_Heap_Size)
 *fill*         0x0000000024000030      0x200 
                0x0000000024000630                . = (. + _Min_Stack_Size)
 *fill*         0x0000000024000230      0x400 
                0x0000000024000630                . = ALIGN (0x8)

/DISCARD/
 libc.a(*)
 libm.a(*)
 libgcc.a(*)

.ARM.attributes
                0x0000000000000000       0x2e
 *(.ARM.attributes)
 .ARM.attributes
                0x0000000000000000       0x1e /Applications/STMicroelectronics/STM32CubeIDE.app/Contents/Eclipse/plugins/com.st.stm32cube.ide.mcu.externaltools.gnu-tools-for-stm32.11.3.rel1.macos64_1.1.0.202305231506/tools/bin/../lib/gcc/arm-none-eabi/11.3.1/thumb/v7e-m+dp/hard/crti.o
 .ARM.attributes
                0x000000000000001e       0x32 /Applications/STMicroelectronics/STM32CubeIDE.app/Contents/Eclipse/plugins/com.st.stm32cube.ide.mcu.externaltools.gnu-tools-for-stm32.11.3.rel1.macos64_1.1.0.202305231506/tools/bin/../lib/gcc/arm-none-eabi/11.3.1/thumb/v7e-m+dp/hard/crtbegin.o
 .ARM.attributes
                0x0000000000000050       0x32 ./Common/Src/system_stm32h7xx_dualcore_boot_cm4_cm7.o
 .ARM.attributes
                0x0000000000000082       0x32 ./Core/Src/main.o
 .ARM.attributes
                0x00000000000000b4       0x32 ./Core/Src/stm32h7xx_hal_msp.o
 .ARM.attributes
                0x00000000000000e6       0x32 ./Core/Src/stm32h7xx_it.o
 .ARM.attributes
                0x0000000000000118       0x21 ./Core/Startup/startup_stm32h755zitx.o
 .ARM.attributes
                0x0000000000000139       0x32 ./Drivers/STM32H7xx_HAL_Driver/stm32h7xx_hal.o
 .ARM.attributes
                0x000000000000016b       0x32 ./Drivers/STM32H7xx_HAL_Driver/stm32h7xx_hal_cortex.o
 .ARM.attributes
                0x000000000000019d       0x32 ./Drivers/STM32H7xx_HAL_Driver/stm32h7xx_hal_hsem.o
 .ARM.attributes
                0x00000000000001cf       0x32 ./Drivers/STM32H7xx_HAL_Driver/stm32h7xx_hal_pwr_ex.o
 .ARM.attributes
                0x0000000000000201       0x32 ./Drivers/STM32H7xx_HAL_Driver/stm32h7xx_hal_rcc.o
 .ARM.attributes
                0x0000000000000233       0x32 /Applications/STMicroelectronics/STM32CubeIDE.app/Contents/Eclipse/plugins/com.st.stm32cube.ide.mcu.externaltools.gnu-tools-for-stm32.11.3.rel1.macos64_1.1.0.202305231506/tools/bin/../lib/gcc/arm-none-eabi/11.3.1/../../../../arm-none-eabi/lib/thumb/v7e-m+dp/hard/libc_nano.a(libc_a-memset.o)
 .ARM.attributes
                0x0000000000000265       0x32 /Applications/STMicroelectronics/STM32CubeIDE.app/Contents/Eclipse/plugins/com.st.stm32cube.ide.mcu.externaltools.gnu-tools-for-stm32.11.3.rel1.macos64_1.1.0.202305231506/tools/bin/../lib/gcc/arm-none-eabi/11.3.1/../../../../arm-none-eabi/lib/thumb/v7e-m+dp/hard/libc_nano.a(libc_a-init.o)
 .ARM.attributes
                0x0000000000000297       0x1e /Applications/STMicroelectronics/STM32CubeIDE.app/Contents/Eclipse/plugins/com.st.stm32cube.ide.mcu.externaltools.gnu-tools-for-stm32.11.3.rel1.macos64_1.1.0.202305231506/tools/bin/../lib/gcc/arm-none-eabi/11.3.1/thumb/v7e-m+dp/hard/crtn.o
OUTPUT(swc_hub_CM7.elf elf32-littlearm)
LOAD linker stubs
LOAD /Applications/STMicroelectronics/STM32CubeIDE.app/Contents/Eclipse/plugins/com.st.stm32cube.ide.mcu.externaltools.gnu-tools-for-stm32.11.3.rel1.macos64_1.1.0.202305231506/tools/bin/../lib/gcc/arm-none-eabi/11.3.1/../../../../arm-none-eabi/lib/thumb/v7e-m+dp/hard/libc.a
LOAD /Applications/STMicroelectronics/STM32CubeIDE.app/Contents/Eclipse/plugins/com.st.stm32cube.ide.mcu.externaltools.gnu-tools-for-stm32.11.3.rel1.macos64_1.1.0.202305231506/tools/bin/../lib/gcc/arm-none-eabi/11.3.1/../../../../arm-none-eabi/lib/thumb/v7e-m+dp/hard/libm.a
LOAD /Applications/STMicroelectronics/STM32CubeIDE.app/Contents/Eclipse/plugins/com.st.stm32cube.ide.mcu.externaltools.gnu-tools-for-stm32.11.3.rel1.macos64_1.1.0.202305231506/tools/bin/../lib/gcc/arm-none-eabi/11.3.1/thumb/v7e-m+dp/hard/libgcc.a

.comment        0x0000000000000000       0x43
 .comment       0x0000000000000000       0x43 /Applications/STMicroelectronics/STM32CubeIDE.app/Contents/Eclipse/plugins/com.st.stm32cube.ide.mcu.externaltools.gnu-tools-for-stm32.11.3.rel1.macos64_1.1.0.202305231506/tools/bin/../lib/gcc/arm-none-eabi/11.3.1/thumb/v7e-m+dp/hard/crtbegin.o
                                         0x44 (size before relaxing)
 .comment       0x0000000000000043       0x44 ./Common/Src/system_stm32h7xx_dualcore_boot_cm4_cm7.o
 .comment       0x0000000000000043       0x44 ./Core/Src/main.o
 .comment       0x0000000000000043       0x44 ./Core/Src/stm32h7xx_hal_msp.o
 .comment       0x0000000000000043       0x44 ./Core/Src/stm32h7xx_it.o
 .comment       0x0000000000000043       0x44 ./Drivers/STM32H7xx_HAL_Driver/stm32h7xx_hal.o
 .comment       0x0000000000000043       0x44 ./Drivers/STM32H7xx_HAL_Driver/stm32h7xx_hal_cortex.o
 .comment       0x0000000000000043       0x44 ./Drivers/STM32H7xx_HAL_Driver/stm32h7xx_hal_hsem.o
 .comment       0x0000000000000043       0x44 ./Drivers/STM32H7xx_HAL_Driver/stm32h7xx_hal_pwr_ex.o
 .comment       0x0000000000000043       0x44 ./Drivers/STM32H7xx_HAL_Driver/stm32h7xx_hal_rcc.o

.debug_info     0x0000000000000000     0x69d6
 .debug_info    0x0000000000000000      0xdb0 ./Common/Src/system_stm32h7xx_dualcore_boot_cm4_cm7.o
 .debug_info    0x0000000000000db0      0x9e7 ./Core/Src/main.o
 .debug_info    0x0000000000001797      0x464 ./Core/Src/stm32h7xx_hal_msp.o
 .debug_info    0x0000000000001bfb      0x128 ./Core/Src/stm32h7xx_it.o
 .debug_info    0x0000000000001d23       0x23 ./Core/Startup/startup_stm32h755zitx.o
 .debug_info    0x0000000000001d46     0x177a ./Drivers/STM32H7xx_HAL_Driver/stm32h7xx_hal.o
 .debug_info    0x00000000000034c0     0x10d0 ./Drivers/STM32H7xx_HAL_Driver/stm32h7xx_hal_cortex.o
 .debug_info    0x0000000000004590      0x3d3 ./Drivers/STM32H7xx_HAL_Driver/stm32h7xx_hal_hsem.o
 .debug_info    0x0000000000004963     0x121b ./Drivers/STM32H7xx_HAL_Driver/stm32h7xx_hal_pwr_ex.o
 .debug_info    0x0000000000005b7e      0xe58 ./Drivers/STM32H7xx_HAL_Driver/stm32h7xx_hal_rcc.o

.debug_abbrev   0x0000000000000000     0x1211
 .debug_abbrev  0x0000000000000000      0x14c ./Common/Src/system_stm32h7xx_dualcore_boot_cm4_cm7.o
 .debug_abbrev  0x000000000000014c      0x225 ./Core/Src/main.o
 .debug_abbrev  0x0000000000000371       0xdb ./Core/Src/stm32h7xx_hal_msp.o
 .debug_abbrev  0x000000000000044c       0x73 ./Core/Src/stm32h7xx_it.o
 .debug_abbrev  0x00000000000004bf       0x12 ./Core/Startup/startup_stm32h755zitx.o
 .debug_abbrev  0x00000000000004d1      0x295 ./Drivers/STM32H7xx_HAL_Driver/stm32h7xx_hal.o
 .debug_abbrev  0x0000000000000766      0x339 ./Drivers/STM32H7xx_HAL_Driver/stm32h7xx_hal_cortex.o
 .debug_abbrev  0x0000000000000a9f      0x1d3 ./Drivers/STM32H7xx_HAL_Driver/stm32h7xx_hal_hsem.o
 .debug_abbrev  0x0000000000000c72      0x2d7 ./Drivers/STM32H7xx_HAL_Driver/stm32h7xx_hal_pwr_ex.o
 .debug_abbrev  0x0000000000000f49      0x2c8 ./Drivers/STM32H7xx_HAL_Driver/stm32h7xx_hal_rcc.o

.debug_aranges  0x0000000000000000      0x698
 .debug_aranges
                0x0000000000000000       0x28 ./Common/Src/system_stm32h7xx_dualcore_boot_cm4_cm7.o
 .debug_aranges
                0x0000000000000028       0x30 ./Core/Src/main.o
 .debug_aranges
                0x0000000000000058       0x20 ./Core/Src/stm32h7xx_hal_msp.o
 .debug_aranges
                0x0000000000000078       0x60 ./Core/Src/stm32h7xx_it.o
 .debug_aranges
                0x00000000000000d8       0x28 ./Core/Startup/startup_stm32h755zitx.o
 .debug_aranges
                0x0000000000000100      0x200 ./Drivers/STM32H7xx_HAL_Driver/stm32h7xx_hal.o
 .debug_aranges
                0x0000000000000300      0x130 ./Drivers/STM32H7xx_HAL_Driver/stm32h7xx_hal_cortex.o
 .debug_aranges
                0x0000000000000430       0x70 ./Drivers/STM32H7xx_HAL_Driver/stm32h7xx_hal_hsem.o
 .debug_aranges
                0x00000000000004a0      0x170 ./Drivers/STM32H7xx_HAL_Driver/stm32h7xx_hal_pwr_ex.o
 .debug_aranges
                0x0000000000000610       0x88 ./Drivers/STM32H7xx_HAL_Driver/stm32h7xx_hal_rcc.o

.debug_rnglists
                0x0000000000000000      0x4d9
 .debug_rnglists
                0x0000000000000000       0x1b ./Common/Src/system_stm32h7xx_dualcore_boot_cm4_cm7.o
 .debug_rnglists
                0x000000000000001b       0x21 ./Core/Src/main.o
 .debug_rnglists
                0x000000000000003c       0x13 ./Core/Src/stm32h7xx_hal_msp.o
 .debug_rnglists
                0x000000000000004f       0x43 ./Core/Src/stm32h7xx_it.o
 .debug_rnglists
                0x0000000000000092       0x19 ./Core/Startup/startup_stm32h755zitx.o
 .debug_rnglists
                0x00000000000000ab      0x180 ./Drivers/STM32H7xx_HAL_Driver/stm32h7xx_hal.o
 .debug_rnglists
                0x000000000000022b       0xe0 ./Drivers/STM32H7xx_HAL_Driver/stm32h7xx_hal_cortex.o
 .debug_rnglists
                0x000000000000030b       0x4f ./Drivers/STM32H7xx_HAL_Driver/stm32h7xx_hal_hsem.o
 .debug_rnglists
                0x000000000000035a      0x117 ./Drivers/STM32H7xx_HAL_Driver/stm32h7xx_hal_pwr_ex.o
 .debug_rnglists
                0x0000000000000471       0x68 ./Drivers/STM32H7xx_HAL_Driver/stm32h7xx_hal_rcc.o

.debug_macro    0x0000000000000000    0x3833c
 .debug_macro   0x0000000000000000      0x294 ./Common/Src/system_stm32h7xx_dualcore_boot_cm4_cm7.o
 .debug_macro   0x0000000000000294      0xac6 ./Common/Src/system_stm32h7xx_dualcore_boot_cm4_cm7.o
 .debug_macro   0x0000000000000d5a       0x2e ./Common/Src/system_stm32h7xx_dualcore_boot_cm4_cm7.o
 .debug_macro   0x0000000000000d88       0x49 ./Common/Src/system_stm32h7xx_dualcore_boot_cm4_cm7.o
 .debug_macro   0x0000000000000dd1       0x22 ./Common/Src/system_stm32h7xx_dualcore_boot_cm4_cm7.o
 .debug_macro   0x0000000000000df3       0x8e ./Common/Src/system_stm32h7xx_dualcore_boot_cm4_cm7.o
 .debug_macro   0x0000000000000e81       0x51 ./Common/Src/system_stm32h7xx_dualcore_boot_cm4_cm7.o
 .debug_macro   0x0000000000000ed2      0x103 ./Common/Src/system_stm32h7xx_dualcore_boot_cm4_cm7.o
 .debug_macro   0x0000000000000fd5       0x6a ./Common/Src/system_stm32h7xx_dualcore_boot_cm4_cm7.o
 .debug_macro   0x000000000000103f      0x1df ./Common/Src/system_stm32h7xx_dualcore_boot_cm4_cm7.o
 .debug_macro   0x000000000000121e       0x1c ./Common/Src/system_stm32h7xx_dualcore_boot_cm4_cm7.o
 .debug_macro   0x000000000000123a       0x22 ./Common/Src/system_stm32h7xx_dualcore_boot_cm4_cm7.o
 .debug_macro   0x000000000000125c       0xfb ./Common/Src/system_stm32h7xx_dualcore_boot_cm4_cm7.o
 .debug_macro   0x0000000000001357     0x1305 ./Common/Src/system_stm32h7xx_dualcore_boot_cm4_cm7.o
 .debug_macro   0x000000000000265c      0x11f ./Common/Src/system_stm32h7xx_dualcore_boot_cm4_cm7.o
 .debug_macro   0x000000000000277b       0x27 ./Common/Src/system_stm32h7xx_dualcore_boot_cm4_cm7.o
 .debug_macro   0x00000000000027a2    0x273f2 ./Common/Src/system_stm32h7xx_dualcore_boot_cm4_cm7.o
 .debug_macro   0x0000000000029b94       0x6d ./Common/Src/system_stm32h7xx_dualcore_boot_cm4_cm7.o
 .debug_macro   0x0000000000029c01      0x232 ./Common/Src/system_stm32h7xx_dualcore_boot_cm4_cm7.o
 .debug_macro   0x0000000000029e33     0x3d79 ./Common/Src/system_stm32h7xx_dualcore_boot_cm4_cm7.o
 .debug_macro   0x000000000002dbac      0x174 ./Common/Src/system_stm32h7xx_dualcore_boot_cm4_cm7.o
 .debug_macro   0x000000000002dd20       0x61 ./Common/Src/system_stm32h7xx_dualcore_boot_cm4_cm7.o
 .debug_macro   0x000000000002dd81       0x29 ./Common/Src/system_stm32h7xx_dualcore_boot_cm4_cm7.o
 .debug_macro   0x000000000002ddaa       0x43 ./Common/Src/system_stm32h7xx_dualcore_boot_cm4_cm7.o
 .debug_macro   0x000000000002dded       0x34 ./Common/Src/system_stm32h7xx_dualcore_boot_cm4_cm7.o
 .debug_macro   0x000000000002de21       0x16 ./Common/Src/system_stm32h7xx_dualcore_boot_cm4_cm7.o
 .debug_macro   0x000000000002de37       0x43 ./Common/Src/system_stm32h7xx_dualcore_boot_cm4_cm7.o
 .debug_macro   0x000000000002de7a       0x34 ./Common/Src/system_stm32h7xx_dualcore_boot_cm4_cm7.o
 .debug_macro   0x000000000002deae       0x10 ./Common/Src/system_stm32h7xx_dualcore_boot_cm4_cm7.o
 .debug_macro   0x000000000002debe       0x58 ./Common/Src/system_stm32h7xx_dualcore_boot_cm4_cm7.o
 .debug_macro   0x000000000002df16       0x8e ./Common/Src/system_stm32h7xx_dualcore_boot_cm4_cm7.o
 .debug_macro   0x000000000002dfa4       0x1c ./Common/Src/system_stm32h7xx_dualcore_boot_cm4_cm7.o
 .debug_macro   0x000000000002dfc0      0x177 ./Common/Src/system_stm32h7xx_dualcore_boot_cm4_cm7.o
 .debug_macro   0x000000000002e137      0x369 ./Common/Src/system_stm32h7xx_dualcore_boot_cm4_cm7.o
 .debug_macro   0x000000000002e4a0      0x19b ./Common/Src/system_stm32h7xx_dualcore_boot_cm4_cm7.o
 .debug_macro   0x000000000002e63b       0x5d ./Common/Src/system_stm32h7xx_dualcore_boot_cm4_cm7.o
 .debug_macro   0x000000000002e698     0x3b99 ./Common/Src/system_stm32h7xx_dualcore_boot_cm4_cm7.o
 .debug_macro   0x0000000000032231     0x1072 ./Common/Src/system_stm32h7xx_dualcore_boot_cm4_cm7.o
 .debug_macro   0x00000000000332a3      0x154 ./Common/Src/system_stm32h7xx_dualcore_boot_cm4_cm7.o
 .debug_macro   0x00000000000333f7      0x130 ./Common/Src/system_stm32h7xx_dualcore_boot_cm4_cm7.o
 .debug_macro   0x0000000000033527      0x3c2 ./Common/Src/system_stm32h7xx_dualcore_boot_cm4_cm7.o
 .debug_macro   0x00000000000338e9       0xac ./Common/Src/system_stm32h7xx_dualcore_boot_cm4_cm7.o
 .debug_macro   0x0000000000033995      0x72d ./Common/Src/system_stm32h7xx_dualcore_boot_cm4_cm7.o
 .debug_macro   0x00000000000340c2      0x228 ./Common/Src/system_stm32h7xx_dualcore_boot_cm4_cm7.o
 .debug_macro   0x00000000000342ea       0x66 ./Common/Src/system_stm32h7xx_dualcore_boot_cm4_cm7.o
 .debug_macro   0x0000000000034350      0x3bb ./Common/Src/system_stm32h7xx_dualcore_boot_cm4_cm7.o
 .debug_macro   0x000000000003470b      0x407 ./Common/Src/system_stm32h7xx_dualcore_boot_cm4_cm7.o
 .debug_macro   0x0000000000034b12      0x27c ./Common/Src/system_stm32h7xx_dualcore_boot_cm4_cm7.o
 .debug_macro   0x0000000000034d8e      0x3ca ./Common/Src/system_stm32h7xx_dualcore_boot_cm4_cm7.o
 .debug_macro   0x0000000000035158      0x4a2 ./Common/Src/system_stm32h7xx_dualcore_boot_cm4_cm7.o
 .debug_macro   0x00000000000355fa       0x51 ./Common/Src/system_stm32h7xx_dualcore_boot_cm4_cm7.o
 .debug_macro   0x000000000003564b       0x4a ./Common/Src/system_stm32h7xx_dualcore_boot_cm4_cm7.o
 .debug_macro   0x0000000000035695      0x22c ./Common/Src/system_stm32h7xx_dualcore_boot_cm4_cm7.o
 .debug_macro   0x00000000000358c1       0x67 ./Common/Src/system_stm32h7xx_dualcore_boot_cm4_cm7.o
 .debug_macro   0x0000000000035928       0xa5 ./Common/Src/system_stm32h7xx_dualcore_boot_cm4_cm7.o
 .debug_macro   0x00000000000359cd      0x218 ./Common/Src/system_stm32h7xx_dualcore_boot_cm4_cm7.o
 .debug_macro   0x0000000000035be5      0x2ea ./Common/Src/system_stm32h7xx_dualcore_boot_cm4_cm7.o
 .debug_macro   0x0000000000035ecf       0x35 ./Common/Src/system_stm32h7xx_dualcore_boot_cm4_cm7.o
 .debug_macro   0x0000000000035f04      0x693 ./Common/Src/system_stm32h7xx_dualcore_boot_cm4_cm7.o
 .debug_macro   0x0000000000036597       0xa6 ./Common/Src/system_stm32h7xx_dualcore_boot_cm4_cm7.o
 .debug_macro   0x000000000003663d      0x798 ./Common/Src/system_stm32h7xx_dualcore_boot_cm4_cm7.o
 .debug_macro   0x0000000000036dd5      0x2a4 ./Core/Src/main.o
 .debug_macro   0x0000000000037079      0x29e ./Core/Src/stm32h7xx_hal_msp.o
 .debug_macro   0x0000000000037317      0x2a8 ./Core/Src/stm32h7xx_it.o
 .debug_macro   0x00000000000375bf      0x2be ./Drivers/STM32H7xx_HAL_Driver/stm32h7xx_hal.o
 .debug_macro   0x000000000003787d      0x294 ./Drivers/STM32H7xx_HAL_Driver/stm32h7xx_hal_cortex.o
 .debug_macro   0x0000000000037b11      0x2a6 ./Drivers/STM32H7xx_HAL_Driver/stm32h7xx_hal_hsem.o
 .debug_macro   0x0000000000037db7      0x2cd ./Drivers/STM32H7xx_HAL_Driver/stm32h7xx_hal_pwr_ex.o
 .debug_macro   0x0000000000038084      0x2b8 ./Drivers/STM32H7xx_HAL_Driver/stm32h7xx_hal_rcc.o

.debug_line     0x0000000000000000     0x750d
 .debug_line    0x0000000000000000      0xaae ./Common/Src/system_stm32h7xx_dualcore_boot_cm4_cm7.o
 .debug_line    0x0000000000000aae      0x992 ./Core/Src/main.o
 .debug_line    0x0000000000001440      0x8ac ./Core/Src/stm32h7xx_hal_msp.o
 .debug_line    0x0000000000001cec      0x970 ./Core/Src/stm32h7xx_it.o
 .debug_line    0x000000000000265c       0x7a ./Core/Startup/startup_stm32h755zitx.o
 .debug_line    0x00000000000026d6      0xfea ./Drivers/STM32H7xx_HAL_Driver/stm32h7xx_hal.o
 .debug_line    0x00000000000036c0      0xece ./Drivers/STM32H7xx_HAL_Driver/stm32h7xx_hal_cortex.o
 .debug_line    0x000000000000458e      0xa50 ./Drivers/STM32H7xx_HAL_Driver/stm32h7xx_hal_hsem.o
 .debug_line    0x0000000000004fde     0x10d1 ./Drivers/STM32H7xx_HAL_Driver/stm32h7xx_hal_pwr_ex.o
 .debug_line    0x00000000000060af     0x145e ./Drivers/STM32H7xx_HAL_Driver/stm32h7xx_hal_rcc.o

.debug_str      0x0000000000000000   0x177ce9
 .debug_str     0x0000000000000000   0x175761 ./Common/Src/system_stm32h7xx_dualcore_boot_cm4_cm7.o
                                     0x175bd1 (size before relaxing)
 .debug_str     0x0000000000175761      0x328 ./Core/Src/main.o
                                     0x175af8 (size before relaxing)
 .debug_str     0x0000000000175a89       0x2c ./Core/Src/stm32h7xx_hal_msp.o
                                     0x1757e3 (size before relaxing)
 .debug_str     0x0000000000175ab5       0xc9 ./Core/Src/stm32h7xx_it.o
                                     0x175642 (size before relaxing)
 .debug_str     0x0000000000175b7e       0x34 ./Core/Startup/startup_stm32h755zitx.o
                                         0x74 (size before relaxing)
 .debug_str     0x0000000000175bb2     0x11c3 ./Drivers/STM32H7xx_HAL_Driver/stm32h7xx_hal.o
                                     0x176c84 (size before relaxing)
 .debug_str     0x0000000000176d75      0x3c5 ./Drivers/STM32H7xx_HAL_Driver/stm32h7xx_hal_cortex.o
                                     0x1764eb (size before relaxing)
 .debug_str     0x000000000017713a      0x219 ./Drivers/STM32H7xx_HAL_Driver/stm32h7xx_hal_hsem.o
                                     0x175801 (size before relaxing)
 .debug_str     0x0000000000177353      0x6b9 ./Drivers/STM32H7xx_HAL_Driver/stm32h7xx_hal_pwr_ex.o
                                     0x176081 (size before relaxing)
 .debug_str     0x0000000000177a0c      0x2dd ./Drivers/STM32H7xx_HAL_Driver/stm32h7xx_hal_rcc.o
                                     0x175ef7 (size before relaxing)

.debug_frame    0x0000000000000000     0x193c
 .debug_frame   0x0000000000000000       0x58 ./Common/Src/system_stm32h7xx_dualcore_boot_cm4_cm7.o
 .debug_frame   0x0000000000000058       0x6c ./Core/Src/main.o
 .debug_frame   0x00000000000000c4       0x38 ./Core/Src/stm32h7xx_hal_msp.o
 .debug_frame   0x00000000000000fc      0x104 ./Core/Src/stm32h7xx_it.o
 .debug_frame   0x0000000000000200      0x848 ./Drivers/STM32H7xx_HAL_Driver/stm32h7xx_hal.o
 .debug_frame   0x0000000000000a48      0x508 ./Drivers/STM32H7xx_HAL_Driver/stm32h7xx_hal_cortex.o
 .debug_frame   0x0000000000000f50      0x1bc ./Drivers/STM32H7xx_HAL_Driver/stm32h7xx_hal_hsem.o
 .debug_frame   0x000000000000110c      0x5ec ./Drivers/STM32H7xx_HAL_Driver/stm32h7xx_hal_pwr_ex.o
 .debug_frame   0x00000000000016f8      0x1f8 ./Drivers/STM32H7xx_HAL_Driver/stm32h7xx_hal_rcc.o
 .debug_frame   0x00000000000018f0       0x20 /Applications/STMicroelectronics/STM32CubeIDE.app/Contents/Eclipse/plugins/com.st.stm32cube.ide.mcu.externaltools.gnu-tools-for-stm32.11.3.rel1.macos64_1.1.0.202305231506/tools/bin/../lib/gcc/arm-none-eabi/11.3.1/../../../../arm-none-eabi/lib/thumb/v7e-m+dp/hard/libc_nano.a(libc_a-memset.o)
 .debug_frame   0x0000000000001910       0x2c /Applications/STMicroelectronics/STM32CubeIDE.app/Contents/Eclipse/plugins/com.st.stm32cube.ide.mcu.externaltools.gnu-tools-for-stm32.11.3.rel1.macos64_1.1.0.202305231506/tools/bin/../lib/gcc/arm-none-eabi/11.3.1/../../../../arm-none-eabi/lib/thumb/v7e-m+dp/hard/libc_nano.a(libc_a-init.o)

.debug_line_str
                0x0000000000000000       0x68
 .debug_line_str
                0x0000000000000000       0x68 ./Core/Startup/startup_stm32h755zitx.o
                                         0x80 (size before relaxing)
